A51 MACRO ASSEMBLER  PROJECT2                                                             03/28/2014 13:10:36 PAGE     1


MACRO ASSEMBLER A51 V8.02b
OBJECT MODULE PLACED IN project2.OBJ
ASSEMBLER INVOKED BY: C:\Keil\C51\BIN\A51.EXE project2.a51 SET(SMALL) DEBUG EP

LOC  OBJ            LINE     SOURCE

                       1     ; ----- Kelby Sapien
                       2     ; ----- Project 2
  0000                 3                     FLAG BIT 0
  0090                 4                     LED EQU P1
                       5                     
0000                   6                     ORG 0000H
0000 020006            7                     LJMP MAIN0
                       8                     
0003                   9                     ORG 0003H
0003 D200             10                     SETB FLAG
0005 32               11                     RETI
                      12                     
                      13                     ;ORG 0013H
                      14                     ;SETB FLAG
                      15                     ;RETI
                      16                     
0006 758901           17     MAIN0:  MOV TMOD, #01H ; TIMER 0 MODE 1
0009 75A881           18                     MOV IE, #81H
000C 7590FF           19     MAIN:   MOV LED, #0FFH
000F D288             20                     SETB TCON.0
0011 C200             21                     CLR FLAG
                      22                     
0013 308005           23     AGAIN:  JNB P0.0, CHECK_COUNT   ; JUMP if P0.0 is low, otherwise do bouncing cat
0016 1200C5           24                     LCALL BOUNCING                    ; lower pins have higher priority
0019 80F1             25                     SJMP MAIN
                      26                     
001B                  27     CHECK_COUNT:                                                                               
                                                                                                              
001B 30810A           28                     JNB P0.1, CHECK_DB  ; JUMP if P0.1 is low, otherwise do counting
001E 85A090           29                     MOV P1, P2
0021 A890             30                     MOV R0, P1
0023 120067           31                     LCALL COUNT
0026 80E4             32                     SJMP MAIN                 ; AT EACH BRANCH, YOU WANT TO GO BACK TO AGAIN AN
                             D CHECK FOR PIN PRIORITY
                      33     
0028                  34     CHECK_DB:
0028 308205           35                     JNB P0.2, CHECK_CYC ; JUMP if P0.2 is low, otherwise do double_bounce
002B 12008C           36                     LCALL DOUBLE_BOUNCE
002E 80DC             37                     SJMP MAIN
                      38     
0030                  39     CHECK_CYC: 
0030 308305           40                     JNB P0.3, ERR   ; JUMP if P0.3 is low to error state, otherwise do cyclic m
                             ode
0033 120047           41                     LCALL CYCLIC
0036 80D4             42                     SJMP MAIN
                      43     
0038                  44     ERR:    ; IF ALL PINS ARE OFF, THEN JUST FLASH THEM                                        
                                                                                                                                       
0038 7590FF           45                     MOV LED,#0FFH
003B 1200E4           46                     LCALL DELAY
003E 759000           47                     MOV LED, #0
0041 1200E4           48                     LCALL DELAY
0044 02000C           49                     LJMP MAIN
                      50     
                      51     ; ---- CYCLIC MODE
0047                  52     CYCLIC: 
                      53                     ;JB P0.0, JUMP2_BOUNCE ; RETURN TO PREVIOUS MODE IF PRESSED
                      54                     ;JB P0.1, COUNT
A51 MACRO ASSEMBLER  PROJECT2                                                             03/28/2014 13:10:36 PAGE     2

                      55                     ;JB P0.2, DOUBLE_BOUNCE
                      56                     ;JNB P0.3, CYCLIC_DONE  ; replaced with the interrupt
0047 200019           57                     JB FLAG, CYCLIC_DONE
                      58                     ;MOV A, #0H
004A 759000           59                     MOV LED, #0
004D 1200E4           60                     LCALL DELAY
0050 7480             61                     MOV A, #80H
0052 7D08             62                     MOV R5, #8
0054                  63     AGAIN2:         
                      64                     ;JB P0.0, BOUNCING ; RETURN TO PREVIOUS MODE IF PRESSED
                      65                     ;JB P0.1, COUNT
                      66                     ;JB P0.2, DOUBLE_BOUNCE
                      67                     ;JNB P0.3, CYCLIC_DONE ; REPLACED WITH INTERRUPT FLAG
0054 20000C           68                     JB FLAG, CYCLIC_DONE
0057 F590             69                     MOV LED, A
0059 1200E4           70                     LCALL DELAY
005C FE               71                     MOV R6, A
005D 03               72                     RR A
005E 4E               73                     ORL A, R6
                      74                     ;MOV LED, A
                      75                     ;LCALL DELAY
005F DDF3             76                     DJNZ R5, AGAIN2
0061 80E4             77                     SJMP CYCLIC
                      78     
0063 22               79     CYCLIC_DONE: RET
                      80     
0064                  81     JUMP2_BOUNCE:
0064 0200C5           82                     LJMP BOUNCING
                      83     
                      84     ;---- COUNTING MODE
0067                  85     COUNT:  
0067 200021           86                     JB FLAG, C_DONE
006A 30B712           87                     JNB P3.7, COUNT_DOWN ; PIN IS LOW COUNT DOWN
006D 8004             88                     SJMP COUNT_UP
                      89                     ;JB P0.0, BOUNCING
                      90                     
                      91             ;MOV LED, #0
006F 8890             92                     MOV LED, R0
0071 7BFF             93                     MOV R3, #0FFH
0073                  94     COUNT_UP:
                      95                     ;JB P0.0, BOUNCING
                      96                     ;JNB P0.1, C_DONE
0073 200015           97                     JB FLAG, C_DONE
                      98                     ;JNB P0.3, ERR
0076 1200E4           99             LCALL DELAY             
0079 0590            100                     INC LED
007B DBF6            101                     DJNZ R3, COUNT_UP
007D 808D            102                     SJMP MAIN
                     103                     
007F                 104     COUNT_DOWN:
                     105                     ;JB P0.0, BOUNCING
                     106                     ;JNB P0.1, C_DONE
007F 200009          107                     JB FLAG, C_DONE
                     108                     ;JNB P0.3, ERR
0082 1200E4          109             LCALL DELAY             
0085 1590            110                     DEC LED
0087 DBF6            111                     DJNZ R3, COUNT_DOWN
0089 8081            112                     SJMP MAIN
008B 22              113     C_DONE: RET
                     114     
                     115     
                     116     ; --- DOUBLE BOUNCE
                     117     ; BE CAREFUL, R1-R3 ARE USED BY DELAY FUNCTION
                     118     ; KEPT GETTING ERRORS B/C OF IT
                     119     ; fix overlap by calling two different loops
008C                 120     DOUBLE_BOUNCE:
A51 MACRO ASSEMBLER  PROJECT2                                                             03/28/2014 13:10:36 PAGE     3

                     121                     ;JB P0.0, BOUNCING
                     122                     ;JB P0.1, COUNT ; JUMP BACK TO COUNTING MODE IF P0.1 IS HIGH
                     123                     ;JNB P0.2, D_BOUNCE_DONE
008C 200035          124                     JB FLAG, D_BOUNCE_DONE
008F 7C80            125                     MOV R4, #80H ; 1000 0000
0091 7D01            126                     MOV R5, #01H ; 0000 0001
0093 7E03            127                     MOV R6, #3 ; COUNTER
                     128             
0095 EC              129                     MOV A, R4 ; store initial R1 VAL into A = 1000 0000
                     130                     
0096 4D              131                     ORL A, R5 ; A = 1000 0001
0097 F590            132                     MOV LED, A ; DISPLAYS IN LED
0099 1200E4          133                     LCALL DELAY
                     134                     
009C                 135     PART1:
                     136                     ;JB P0.0, BOUNCING
                     137                     ;JB P0.1, COUNT
                     138                     ;JNB P0.2, D_BOUNCE_DONE
009C 200025          139                     JB FLAG, D_BOUNCE_DONE          
                     140                     ;CLR A
009F EC              141                     MOV A, R4 ; A = 1000 0000
00A0 03              142                     RR A   ;        A = 0100 0000
00A1 FC              143                     MOV R4, A ;R1 = 0100 0000
00A2 ED              144                     MOV A, R5 ; A = 0000 0001
00A3 23              145                     RL A      ; A = 0000 0010
00A4 FD              146                     MOV R5, A ;R2 = 0000 0010
00A5 4C              147                     ORL A, R4 ; R1 OR R2 A = 0100 0010 FIRST RUN
                     148                     ;CJNE A,   ; jump when 10 or 0001 1000
00A6 F590            149                     MOV LED, A ; DISPLAY
00A8 1200E4          150                     LCALL DELAY
00AB DEEF            151                     DJNZ R6, PART1
00AD 7E02            152                     MOV R6, #2 ; RESET COUNTER
00AF 8000            153                     SJMP PART2
                     154     
                     155                     
00B1                 156     PART2:
                     157                     ;JB P0.0, BOUNCING
                     158                     ;JB P0.1, COUNT
                     159                     ;JNB P0.2, D_BOUNCE_DONE        
00B1 200010          160                     JB FLAG, D_BOUNCE_DONE
                     161                     ;CLR A
00B4 EC              162                     MOV A, R4 ; A = 1000 0000
00B5 23              163                     RL A   ;        A = 0100 0000
00B6 FC              164                     MOV R4, A ;R1 = 0100 0000
00B7 ED              165                     MOV A, R5 ; A = 0000 0001
00B8 03              166                     RR A      ; A = 0000 0010
00B9 FD              167                     MOV R5, A ;R2 = 0000 0010
00BA 4C              168                     ORL A, R4 ; R1 OR R2 A = 0100 0010 FIRST RUN
                     169                     ;CJNE A,   ; jump when 10 or 0001 1000
00BB F590            170                     MOV LED, A ; DISPLAY
00BD 1200E4          171                     LCALL DELAY
00C0 DEEF            172                     DJNZ R6, PART2
00C2 80C8            173                     SJMP DOUBLE_BOUNCE              
                     174                     
                     175     
00C4 22              176     D_BOUNCE_DONE:  RET
                     177     
                     178     ; -- BOUNCING
00C5                 179     BOUNCING:
00C5 7401            180                     MOV A, #01H
00C7 7808            181                     MOV R0, #8
00C9                 182     LEFT:   ;JNB P0.0, B_DONE          ; RETURN IF DONE
00C9 200017          183                     JB FLAG, B_DONE
00CC 03              184                     RR A
00CD F590            185                     MOV LED, A
00CF 1200E4          186                     LCALL DELAY
A51 MACRO ASSEMBLER  PROJECT2                                                             03/28/2014 13:10:36 PAGE     4

00D2 D8F5            187                     DJNZ R0, LEFT ; USE A LOOP TO MOVE 7 POSITIONS
00D4 7806            188                     MOV R0, #6    ; RESET COUNTER
00D6                 189     RIGHT:  ;JNB P0.0, B_DONE          ; RETURN IF DONE
00D6 20000A          190                     JB FLAG, B_DONE
00D9 23              191                     RL A
00DA F590            192                     MOV LED, A
                     193                     
00DC 1200E4          194                     LCALL DELAY
00DF D8F5            195                     DJNZ R0, RIGHT
00E1 80E2            196                     SJMP BOUNCING ; REPEAT THE WHOLE SEQUENCE AGAIN
00E3 22              197     B_DONE: RET
                     198     
                     199     
                     200     ; -----------DELAY FUNCTION
00E4                 201     DELAY:
                     202                     ;MOV R7, #10
                     203                     ;MOV R3, #220
                     204     
00E4                 205     HALF_SEC_CHK:                            ; LOWER PINS HAVE HIGHER PRIORITY
00E4 308404          206                     JNB P0.4, ONE_SEC_CHK   
00E7 7F0A            207                     MOV R7, #10  
00E9 8019            208                     SJMP DLY
                     209     
00EB                 210     ONE_SEC_CHK:    
00EB 308504          211                     JNB P0.5, ONE_HALF_CHK  
00EE 7F14            212                     MOV R7, #20       
00F0 8012            213                     SJMP DLY
                     214     
00F2                 215     ONE_HALF_CHK:   
00F2 308604          216                     JNB P0.6, TWO_SEC_CHK   
00F5 7F1E            217                     MOV R7, #30  
00F7 800B            218                     SJMP DLY
00F9                 219     TWO_SEC_CHK:    
00F9 308704          220                     JNB P0.7, ERR_DELAY     
00FC 7F28            221                     MOV R7, #40       
00FE 8004            222                     SJMP DLY
                     223     
0100                 224     ERR_DELAY:
0100 7F0A            225                     MOV R7, #10
                     226                     ;LCALL DLY
0102 8000            227                     SJMP DLY
                     228                      
                     229     
0104                 230     DLY:
                     231     
                     232     ; Calculate the initial counting value x:
                     233     ; In At89C51RD2 1 machine cycle equals 12 crystal cycles:
                     234     ; (12/11.0592MHz)(2^16-x)=50ms
                     235     ; solve the equation for x, we obtain:
                     236     ; x=2^16-50ms*11.0592MHz/12=19456=4C00H
                     237     
0104 758A00          238     WAIT: MOV TL0, #0;load initial counting value
0107 758C4C          239           MOV TH0, #4CH;
010A D28C            240           SETB TR0;turn on T0
010C 308DFD          241     HERE: JNB TF0, HERE;wait for timer 0 to overflow
010F C28C            242           CLR TR0 ;turn off timer 0
0111 C28D            243           CLR TF0 ;clear TF0 as interrupt is not used, 
                     244             ;it will not be cleared by hardware.
0113 DFEF            245           DJNZ R7, WAIT
0115 22              246               RET
                     247           END
A51 MACRO ASSEMBLER  PROJECT2                                                             03/28/2014 13:10:36 PAGE     5

SYMBOL TABLE LISTING
------ ----- -------


N A M E             T Y P E  V A L U E   ATTRIBUTES

AGAIN. . . . . . .  C ADDR   0013H   A   
AGAIN2 . . . . . .  C ADDR   0054H   A   
BOUNCING . . . . .  C ADDR   00C5H   A   
B_DONE . . . . . .  C ADDR   00E3H   A   
CHECK_COUNT. . . .  C ADDR   001BH   A   
CHECK_CYC. . . . .  C ADDR   0030H   A   
CHECK_DB . . . . .  C ADDR   0028H   A   
COUNT. . . . . . .  C ADDR   0067H   A   
COUNT_DOWN . . . .  C ADDR   007FH   A   
COUNT_UP . . . . .  C ADDR   0073H   A   
CYCLIC . . . . . .  C ADDR   0047H   A   
CYCLIC_DONE. . . .  C ADDR   0063H   A   
C_DONE . . . . . .  C ADDR   008BH   A   
DELAY. . . . . . .  C ADDR   00E4H   A   
DLY. . . . . . . .  C ADDR   0104H   A   
DOUBLE_BOUNCE. . .  C ADDR   008CH   A   
D_BOUNCE_DONE. . .  C ADDR   00C4H   A   
ERR. . . . . . . .  C ADDR   0038H   A   
ERR_DELAY. . . . .  C ADDR   0100H   A   
FLAG . . . . . . .  B ADDR   0020H.0 A   
HALF_SEC_CHK . . .  C ADDR   00E4H   A   
HERE . . . . . . .  C ADDR   010CH   A   
IE . . . . . . . .  D ADDR   00A8H   A   
JUMP2_BOUNCE . . .  C ADDR   0064H   A   
LED. . . . . . . .  D ADDR   0090H   A   
LEFT . . . . . . .  C ADDR   00C9H   A   
MAIN . . . . . . .  C ADDR   000CH   A   
MAIN0. . . . . . .  C ADDR   0006H   A   
ONE_HALF_CHK . . .  C ADDR   00F2H   A   
ONE_SEC_CHK. . . .  C ADDR   00EBH   A   
P0 . . . . . . . .  D ADDR   0080H   A   
P1 . . . . . . . .  D ADDR   0090H   A   
P2 . . . . . . . .  D ADDR   00A0H   A   
P3 . . . . . . . .  D ADDR   00B0H   A   
PART1. . . . . . .  C ADDR   009CH   A   
PART2. . . . . . .  C ADDR   00B1H   A   
RIGHT. . . . . . .  C ADDR   00D6H   A   
TCON . . . . . . .  D ADDR   0088H   A   
TF0. . . . . . . .  B ADDR   0088H.5 A   
TH0. . . . . . . .  D ADDR   008CH   A   
TL0. . . . . . . .  D ADDR   008AH   A   
TMOD . . . . . . .  D ADDR   0089H   A   
TR0. . . . . . . .  B ADDR   0088H.4 A   
TWO_SEC_CHK. . . .  C ADDR   00F9H   A   
WAIT . . . . . . .  C ADDR   0104H   A   


REGISTER BANK(S) USED: 0 


ASSEMBLY COMPLETE.  0 WARNING(S), 0 ERROR(S)
