A51 MACRO ASSEMBLER  FINAL                                                                05/08/2014 00:31:05 PAGE     1


MACRO ASSEMBLER A51 V8.02b
OBJECT MODULE PLACED IN final.OBJ
ASSEMBLER INVOKED BY: C:\Keil\C51\BIN\A51.EXE final.A51 SET(SMALL) DEBUG EP

LOC  OBJ            LINE     SOURCE

                       1     ;Write an 8051 assembly program that reads the following data from program ROM: 17, 37, 9, 
                             18, 11, 26, 23, 43. 
                       2     ;Save them to memory locations start from 40H, find the average, maximum number and minimum
                              number and 
                       3     ;save them to locations 48H, 49H and 4AH, then display the following menu to user:
                       4     
                       5     ;Please select from the following:
                       6     ;1.     Display original data
                       7     ;2.     Find and display average
                       8     ;3.     Find and display maximum
                       9     ;4.     Find and display minimum
                      10     
                      11     ; FINAL PROJECT CECS 285
                      12     ; PROGRAMMER: KELBY SAPIEN
                      13     
                      14     
                      15     
                      16     
0000                  17             ORG 0
                      18             ;MOV TMOD, #20H
0000 758920           19             MOV TMOD, #20H
0003 758DFD           20             MOV TH1, #0FDH
0006 759850           21             MOV SCON, #50H
                      22             ;CLR A
0009                  23     MAIN:
0009 120075           24             LCALL MOVING_DATA ; MOVE DATA INTO RAM
                      25     
000C                  26     DISPLAY_MENU: 
000C 900172           27             MOV DPTR, #MSG_HEAD
000F 1200F9           28             LCALL SEND1LINE
0012 1200D9           29             LCALL RECEIVE1BYTE
0015 120018           30             LCALL CHECK_DISPLAY_ALL
                      31             
                      32         ;SJMP DISPLAY_MENU
                      33     
0018                  34     CHECK_DISPLAY_ALL: 
                      35                     ; ASCII REPRESENTATION OF NUMBER PRESSED GET PUSHED TO PORT 1
                      36                     ; ASCII REP ON P1 == 31H
                      37                     ; COMPARE PORT 1 TO 31H (HEX VAL OF 1) AND SO ON...
0018 8590F0           38                     MOV B, P1
001B 7431             39                     MOV A, #31H
001D B5F00B           40                     CJNE A, B, CHECK_AVG ; IF NOT EQUAL TO HEX VALUE JUMP TO NEXT CASE
0020 900203           41                     MOV DPTR, #MSG_ORIGINAL
0023 1200F9           42                     LCALL SEND1LINE
0026 120132           43                     LCALL DISPLAY_ASCII
0029 80E1             44                     SJMP DISPLAY_MENU                
                      45     
002B                  46     CHECK_AVG:
                      47                     ; ASCII REP ON P1 == 32H
002B 8590F0           48                     MOV B, P1
002E 7432             49                     MOV A, #32H
0030 B5F00E           50                     CJNE A, B, CHECK_MIN ; IF NOT EQUAL TO HEX VALUE
0033 900221           51                     MOV DPTR, #MSG_AVG
0036 1200F9           52                     LCALL SEND1LINE
0039 1200C0           53                     LCALL AVG
003C 12010F           54                     LCALL DISPLAY_AVG
003F 80CB             55                     SJMP DISPLAY_MENU
                      56     
A51 MACRO ASSEMBLER  FINAL                                                                05/08/2014 00:31:05 PAGE     2

0041                  57     CHECK_MIN: 
                      58                     ; ASCII REP ON P1 == 33H
0041 8590F0           59                     MOV B, P1
0044 7433             60                     MOV A, #33H
0046 B5F00E           61                     CJNE A, B, CHECK_MAX  ;COMPARE A AND B
0049 90022D           62                     MOV DPTR, #MSG_MIN
004C 1200F9           63                     LCALL SEND1LINE
004F 120085           64                     LCALL MINIMUM
                      65                     ;MOV A, @R0
0052 12010F           66                     LCALL DISPLAY_AVG
0055 80B5             67                     SJMP DISPLAY_MENU
                      68                     ;MOV R0, A
                      69                     
0057                  70     CHECK_MAX:
0057 8590F0           71                     MOV B, P1
005A 7434             72                     MOV A, #34H
005C B5F00E           73                     CJNE A, B, INVALID_ENTRY  ;COMPARE A AND B
005F 900239           74                     MOV DPTR, #MSG_MAX
0062 1200F9           75                     LCALL SEND1LINE
0065 1200A2           76                     LCALL MAXIMUM
0068 12010F           77                     LCALL DISPLAY_AVG
006B 809F             78                     SJMP DISPLAY_MENU
                      79     
006D                  80     INVALID_ENTRY:
006D 900245           81                     MOV DPTR, #MSG_ERROR ; DISPLAY ERROR MESSAGE TO USER
0070 1200F9           82                     LCALL SEND1LINE
0073 8097             83                     SJMP DISPLAY_MENU
                      84                     
                      85                     
                      86     ; --- INSERT DATA INTO RAM
0075                  87     MOVING_DATA:
0075 E4               88                     CLR A
0076 7840             89                     MOV R0, #40H ; destination address
0078 7A08             90                     MOV R2, #8 ; counter
007A 900169           91                     MOV DPTR, #DATA_VALUES  
                      92     
007D                  93     INSERT:
007D E4               94                     CLR A
007E 93               95                     MOVC A, @A+DPTR
007F F6               96                     MOV @R0, A
                      97     
0080 A3               98                     INC DPTR
0081 08               99                     INC R0
                     100                     
0082 DAF9            101                     DJNZ R2, INSERT
0084 22              102                     RET
                     103     ; --- INSERT DATA INTO RAM ENDS
                     104     
                     105     ; ---- MIN ROUTINE
0085                 106     MINIMUM:
0085 784A            107                     MOV R0, #4AH
0087 7940            108                     MOV R1, #40H
0089 7A08            109                     MOV R2, #8
008B 87F0            110                     MOV B, @R1 ; ASSUME 1ST ELEMENT IS THE MIN VALUE
                     111                             
008D E4              112                     CLR A
008E                 113     MINLOOP:
008E E7              114                     MOV A, @R1
008F B5F000          115                     CJNE A, B, LOOP1  ;COMPARE A AND B
                     116                     
0092 5007            117     LOOP1:  JNC LOOP2  ; JUMP IF A > B
0094 F5F0            118                     MOV B, A ; ELSE MOVE A TO B (A < B) 
0096 09              119                     INC R1
                     120                     
                     121                     
0097 DAF5            122                     DJNZ R2, MINLOOP
A51 MACRO ASSEMBLER  FINAL                                                                05/08/2014 00:31:05 PAGE     3

0099 8003            123                     SJMP FINALSTEP
009B                 124     LOOP2: 
009B 09              125                     INC R1
                     126                     ;MOV B, A
009C DAF0            127                     DJNZ R2, MINLOOP
                     128                     
009E                 129     FINALSTEP:      
009E E5F0            130                     MOV A, B
00A0 F6              131                     MOV @R0, A
00A1 22              132                     RET
                     133     ; ---- END ROUTINE
                     134     
                     135     
                     136     ; ---- MAX ROUTINE
00A2                 137     MAXIMUM:
00A2 7849            138                     MOV R0, #49H
00A4 7940            139                     MOV R1, #40H
00A6 7A08            140                     MOV R2, #8
00A8 75F000          141                     MOV B, #0 ; START MAX AT 0 OR 1ST ELEMENT
                     142                             
00AB E4              143                     CLR A
00AC                 144     BIGLOOP:
00AC E7              145                     MOV A, @R1
00AD B5F000          146                     CJNE A, B, LOOP  ;COMPARE A AND B
                     147                     
00B0 4007            148     LOOP:   JC SECONDLOOP  ; JUMP IF A < B
00B2 F5F0            149                     MOV B, A ; ELSE MOVE A TO B (A > B) 
00B4 09              150                     INC R1
                     151                     
00B5 DAF5            152                     DJNZ R2, BIGLOOP
00B7 8003            153                     SJMP NEXT
                     154                     
00B9                 155     SECONDLOOP: 
00B9 09              156                     INC R1
00BA DAF0            157                     DJNZ R2, BIGLOOP
                     158                     
00BC E5F0            159     NEXT:   MOV A, B
00BE F6              160                     MOV @R0, A
00BF 22              161                     RET
                     162                     
                     163     ; ---- MAX ROUTINE ENDS
                     164     
                     165     
00C0                 166     AVG:
00C0 E4              167                     CLR A
00C1 754800          168                     MOV 48H, #0
                     169                     ;MOV R1, #40H ; destination address
00C4 7848            170                     MOV R0, #48H  ; KEEP VALUE
00C6 7A08            171                     MOV R2, #8
00C8 75F008          172                     MOV B, #8
00CB 900169          173                     MOV DPTR, #DATA_VALUES
00CE                 174     AGAIN2: 
00CE E4              175                     CLR A
00CF 93              176                     MOVC A, @A+DPTR
                     177                     ;MOV @R1, A
00D0 26              178                     ADD A, @R0
00D1 F6              179                     MOV @R0, A
                     180                     
                     181                     ;MOV @RO, A
                     182                     ;INC R1
00D2 A3              183                     INC DPTR
                     184                     
                     185                     ;INC R0  ; increment the location to which you are adding the string at pos
                             ition(i)
00D3 DAF9            186                     DJNZ R2, AGAIN2
                     187                     
A51 MACRO ASSEMBLER  FINAL                                                                05/08/2014 00:31:05 PAGE     4

00D5 E6              188                     MOV A, @R0
00D6 84              189                     DIV AB
00D7 F6              190                     MOV @R0, A 
00D8 22              191                     RET
                     192     
                     193     
                     194     
                     195     
00D9                 196     RECEIVE1BYTE:
00D9 C298            197             CLR RI
00DB D28E            198             SETB TR1
00DD                 199     STAY1:  
00DD A298            200             MOV C,RI
00DF 50FC            201             JNC STAY1
00E1 E599            202             MOV A, SBUF              ; move what we just received to register A
00E3 F590            203         MOV P1, A    
00E5 C298            204             CLR RI
00E7 C28E            205             CLR TR1
00E9 22              206             RET
                     207             
00EA                 208     SEND1BYTE:
00EA C299            209             CLR TI
00EC D28E            210             SETB TR1
00EE F599            211             MOV SBUF, A
00F0                 212     STAY2:  
00F0 A299            213             MOV C,TI
00F2 50FC            214             JNC STAY2
00F4 C299            215         CLR TI
00F6 C28E            216             CLR TR1
00F8 22              217         RET
                     218             
00F9                 219     SEND1LINE:  ; WORKS ONLY FOR STRINGS
00F9 C299            220             CLR TI
00FB D28E            221             SETB TR1
00FD E4              222     AGAIN:  CLR A
00FE 93              223             MOVC A, @A+DPTR
00FF 600D            224             JZ DONE
0101 A3              225             INC DPTR
0102 F599            226             MOV SBUF, A
0104                 227     STAY3:  
0104 A299            228             MOV C,TI
0106 50FC            229             JNC STAY3
0108 C299            230         CLR TI
010A 80F1            231             SJMP AGAIN
010C C28E            232             CLR TR1
010E 22              233     DONE:RET
                     234     
                     235     
                     236     ;---- DISPLAY ONE NUMBER ONLY
010F                 237     DISPLAY_AVG:
010F C299            238             CLR TI
0111 D28E            239             SETB TR1
0113 E4              240             CLR A
                     241             ;MOV R0, #48H
0114 E6              242             MOV A, @R0
                     243             ;JZ STAY_DONE
0115 75F00A          244             MOV B, #10
0118 84              245             DIV AB 
0119 2430            246             ADD A, #30H 
011B F599            247             MOV SBUF, A
                     248     
011D                 249     STAY_AVG:       
011D A299            250             MOV C,TI
011F 50FC            251             JNC STAY_AVG
0121 C299            252         CLR TI      
                     253             
A51 MACRO ASSEMBLER  FINAL                                                                05/08/2014 00:31:05 PAGE     5

0123 E5F0            254             MOV A, B ; B IS 7
0125 2430            255             ADD A, #30H ; 37H
0127 F599            256             MOV SBUF, A
                     257     
0129                 258     STAY_AVG1:      
0129 A299            259             MOV C,TI
012B 50FC            260             JNC STAY_AVG1
012D C299            261         CLR TI      
                     262             
                     263     ;STAY_DONE:     
                     264     ;       MOV C,TI
                     265     ;       JNC STAY_DONE
                     266      ;   CLR TI     
                     267             
012F C28E            268             CLR TR1
0131 22              269             RET
                     270     ;----
                     271     
0132                 272     DISPLAY_ASCII:  ;CONVERTS NUMBERS TO ASCII REPRESENTATION FOR UART
0132 C299            273             CLR TI
0134 D28E            274             SETB TR1
                     275             ;MOV DPTR, #DATA_VALUES
0136 7840            276             MOV R0, #40H
0138 900169          277             MOV DPTR, #DATA_VALUES
                     278             
013B                 279     AGAIN1: 
013B E4              280             CLR A
013C 93              281             MOVC A, @A+DPTR
013D 6029            282             JZ DONE1
013F 75F00A          283             MOV B, #10
0142 84              284             DIV AB ; EX 17-- A IS NOW 1
0143 2430            285             ADD A, #30H ; 31H
0145 F599            286             MOV SBUF, A
                     287             
0147                 288     STAY4:  
0147 A299            289             MOV C,TI
0149 50FC            290             JNC STAY4
014B C299            291         CLR TI      
                     292             
014D E5F0            293             MOV A, B ; B IS 7
014F 2430            294             ADD A, #30H ; 37H
0151 F599            295             MOV SBUF, A
0153                 296     STAY5:  
0153 A299            297             MOV C,TI
0155 50FC            298             JNC STAY5
0157 C299            299         CLR TI
                     300     
                     301     ; --- DISPLAY SPACE
0159 7420            302             MOV A, #20H
015B F599            303             MOV SBUF, A
015D                 304     STAY_MIDDLE:    
015D A299            305             MOV C,TI
015F 50FC            306             JNC STAY_MIDDLE
0161 C299            307         CLR TI
                     308     
                     309             ;JZ DONE
0163 A3              310             INC DPTR
                     311     
0164 80D5            312             SJMP AGAIN1
0166 C28E            313             CLR TR1
0168 22              314     DONE1:RET
                     315     
                     316     
                     317     
                     318     
                     319     
A51 MACRO ASSEMBLER  FINAL                                                                05/08/2014 00:31:05 PAGE     6

                     320     
                     321     ;ADD:
                     322     ;               CLR A
                     323     ;               MOV R0, #40H ; destination address
                     324     ;               MOV R2, #8
                     325     ;AGAIN: MOV @R0, P0
                     326     ;               ADD A, @R0
                     327     ;               
                     328     ;               JNC SKIP
                     329     ;               INC 4BH ; increment 4BH for each carry (HIGH BYTE)
                     330     ;               
                     331     ;SKIP:  INC R0  ; increment the location to which you are adding the string at position(i)
                     332     ;               DJNZ R2, AGAIN
                     333     ;               MOV 4AH, A ; MOVE LOW BYTE INTO 4AH
                     334     ;               END
                     335     
                     336     ;DATA_STRING: DB "Here is the original data:", 0AH, "17, 37, 9, 18, 11, 26, 23, 43", 0AH, 0
                              
                     337     ;DATA_VALUES: DB "First", 17, 37, 9, 18, 11, 26, 23, 43  // TESTING THE FIRST STRING IS THE
                              ONLY THING DISPLAYED BC ALREADY IN ASCII
                     338     ;DATA_VALUES: DB 11H, 25H, 9H, 12H, 0BH, 1AH, 17H, 2BH
                     339     ;DATA_VALUES: DB 41H, 55H, 39H, 42H, 3BH, 4AH, 47H, 5BH ; DATA VALUES + 30 FOR ASCII REP
0169 11250912        340     DATA_VALUES: DB 17, 37, 9, 18, 11, 26, 23, 43, 0 
016D 0B1A172B                
0171 00                      
                     341     ;MSG_HEAD: DB "I received ",0
                     342     ;MSG_END: DB '!', 0AH, 0DH, 0 ;ODH for carriage return, 0AH for newline
                     343     ;MSG_HEAD: DB "I received ",0
0172 0A506C65        344     MSG_HEAD: DB 0AH, "Please select from the following:", 0AH, "1. Display original data", 0AH
                             , "2. Find and display average", 0AH, "3. Find and display maximum", 0AH, "4. Find and display minimum", 0AH, 0 
0176 61736520                
017A 73656C65                
017E 63742066                
0182 726F6D20                
0186 74686520                
018A 666F6C6C                
018E 6F77696E                
0192 673A0A31                
0196 2E204469                
019A 73706C61                
019E 79206F72                
01A2 6967696E                
01A6 616C2064                
01AA 6174610A                
01AE 322E2046                
01B2 696E6420                
01B6 616E6420                
01BA 64697370                
01BE 6C617920                
01C2 61766572                
01C6 6167650A                
01CA 332E2046                
01CE 696E6420                
01D2 616E6420                
01D6 64697370                
01DA 6C617920                
01DE 6D617869                
01E2 6D756D0A                
01E6 342E2046                
01EA 696E6420                
01EE 616E6420                
01F2 64697370                
01F6 6C617920                
01FA 6D696E69                
01FE 6D756D0A                
0202 00                      
A51 MACRO ASSEMBLER  FINAL                                                                05/08/2014 00:31:05 PAGE     7

0203 0A486572        345     MSG_ORIGINAL: DB 0AH, "Here is the original data: ", 0AH, 0
0207 65206973                
020B 20746865                
020F 206F7269                
0213 67696E61                
0217 6C206461                
021B 74613A20                
021F 0A00                    
0221 0A417665        346     MSG_AVG: DB 0AH, "Average: ", 0AH, 0
0225 72616765                
0229 3A200A00                
022D 0A4D696E        347     MSG_MIN: DB 0AH, "Minimum: ", 0AH, 0
0231 696D756D                
0235 3A200A00                
0239 0A4D6178        348     MSG_MAX: DB 0AH, "Maximum: ", 0AH, 0
023D 696D756D                
0241 3A200A00                
0245 0A496E76        349     MSG_ERROR: DB 0AH, "Invalid entry, try again!", 0AH, 0
0249 616C6964                
024D 20656E74                
0251 72792C20                
0255 74727920                
0259 61676169                
025D 6E210A00                
                     350     
                     351     ;1.     Display original data - a prompt should follow it saying "original data: …" 
                     352     ;2.     Find and display average
                     353     ;3.     Find and display maximum
                     354     ;4.     Find and display minimum
                     355     
                     356     ;MSG_END: DB '', 0AH, 0DH, 0 ;ODH for carriage return, 0AH for newline
                     357     
                     358             END
                             
                             
                             
                             
                             
                             
                             
                             
                             
                             
                             
                             
                                     
                             
                             
A51 MACRO ASSEMBLER  FINAL                                                                05/08/2014 00:31:05 PAGE     8

SYMBOL TABLE LISTING
------ ----- -------


N A M E             T Y P E  V A L U E   ATTRIBUTES

AGAIN. . . . . . .  C ADDR   00FDH   A   
AGAIN1 . . . . . .  C ADDR   013BH   A   
AGAIN2 . . . . . .  C ADDR   00CEH   A   
AVG. . . . . . . .  C ADDR   00C0H   A   
B. . . . . . . . .  D ADDR   00F0H   A   
BIGLOOP. . . . . .  C ADDR   00ACH   A   
CHECK_AVG. . . . .  C ADDR   002BH   A   
CHECK_DISPLAY_ALL.  C ADDR   0018H   A   
CHECK_MAX. . . . .  C ADDR   0057H   A   
CHECK_MIN. . . . .  C ADDR   0041H   A   
DATA_VALUES. . . .  C ADDR   0169H   A   
DISPLAY_ASCII. . .  C ADDR   0132H   A   
DISPLAY_AVG. . . .  C ADDR   010FH   A   
DISPLAY_MENU . . .  C ADDR   000CH   A   
DONE . . . . . . .  C ADDR   010EH   A   
DONE1. . . . . . .  C ADDR   0168H   A   
FINALSTEP. . . . .  C ADDR   009EH   A   
INSERT . . . . . .  C ADDR   007DH   A   
INVALID_ENTRY. . .  C ADDR   006DH   A   
LOOP . . . . . . .  C ADDR   00B0H   A   
LOOP1. . . . . . .  C ADDR   0092H   A   
LOOP2. . . . . . .  C ADDR   009BH   A   
MAIN . . . . . . .  C ADDR   0009H   A   
MAXIMUM. . . . . .  C ADDR   00A2H   A   
MINIMUM. . . . . .  C ADDR   0085H   A   
MINLOOP. . . . . .  C ADDR   008EH   A   
MOVING_DATA. . . .  C ADDR   0075H   A   
MSG_AVG. . . . . .  C ADDR   0221H   A   
MSG_ERROR. . . . .  C ADDR   0245H   A   
MSG_HEAD . . . . .  C ADDR   0172H   A   
MSG_MAX. . . . . .  C ADDR   0239H   A   
MSG_MIN. . . . . .  C ADDR   022DH   A   
MSG_ORIGINAL . . .  C ADDR   0203H   A   
NEXT . . . . . . .  C ADDR   00BCH   A   
P1 . . . . . . . .  D ADDR   0090H   A   
RECEIVE1BYTE . . .  C ADDR   00D9H   A   
RI . . . . . . . .  B ADDR   0098H.0 A   
SBUF . . . . . . .  D ADDR   0099H   A   
SCON . . . . . . .  D ADDR   0098H   A   
SECONDLOOP . . . .  C ADDR   00B9H   A   
SEND1BYTE. . . . .  C ADDR   00EAH   A   
SEND1LINE. . . . .  C ADDR   00F9H   A   
STAY1. . . . . . .  C ADDR   00DDH   A   
STAY2. . . . . . .  C ADDR   00F0H   A   
STAY3. . . . . . .  C ADDR   0104H   A   
STAY4. . . . . . .  C ADDR   0147H   A   
STAY5. . . . . . .  C ADDR   0153H   A   
STAY_AVG . . . . .  C ADDR   011DH   A   
STAY_AVG1. . . . .  C ADDR   0129H   A   
STAY_MIDDLE. . . .  C ADDR   015DH   A   
TH1. . . . . . . .  D ADDR   008DH   A   
TI . . . . . . . .  B ADDR   0098H.1 A   
TMOD . . . . . . .  D ADDR   0089H   A   
TR1. . . . . . . .  B ADDR   0088H.6 A   


REGISTER BANK(S) USED: 0 


ASSEMBLY COMPLETE.  0 WARNING(S), 0 ERROR(S)
